%!Adobe-FontList 1.18
%Locale:0x409

%BeginFont
Handler:DirectoryHandler
FontType:Type1
FontName:ITCAvantGardeStd-Bk
FamilyName:ITC Avant Garde Gothic Std
StyleName:Book
MenuName:ITC Avant Garde Std Bk
StyleBits:0
WeightClass:300
WidthClass:5
AngleClass:0
FullName:ITC Avant Garde Gothic Std Book
WritingScript:Roman
OutlineFileName:\ITCAvantGardeStd-Bk.otf
DataFormat:sfntData
UsesStandardEncoding:yes
isCFF:yes
hasSVG:no
FileLength:30932
FileModTime:1075243786
NameArray:0,Mac,18,ITC Avant Garde Std Bk
NameArray:0,Mac,4,ITC Avant Garde Gothic Std Book
NameArray:0,Win,1,ITC Avant Garde Std Bk
NameArray:0,Win,16,ITC Avant Garde Gothic Std
%EndFont

%BeginFont
Handler:DirectoryHandler
FontType:Type1
FontName:ITCAvantGardeStd-Bold
FamilyName:ITC Avant Garde Gothic Std
StyleName:Bold
MenuName:ITC Avant Garde Std Md
StyleBits:2
WeightClass:700
WidthClass:5
AngleClass:0
FullName:ITC Avant Garde Gothic Std Bold
WritingScript:Roman
OutlineFileName:\ITCAvantGardeStd-Bold.otf
DataFormat:sfntData
UsesStandardEncoding:yes
isCFF:yes
hasSVG:no
FileLength:31132
FileModTime:1075243786
NameArray:0,Mac,18,ITC Avant Garde Std Bold
NameArray:0,Mac,4,ITC Avant Garde Gothic Std Bold
NameArray:0,Win,1,ITC Avant Garde Std Md
NameArray:0,Win,16,ITC Avant Garde Gothic Std
%EndFont

